[TS JS QS KS AS, TS JS QS KS AS] => TIE 
[TS JS QS KS AS, 3H 4H 5H 6H 7H] => TIE 
[TS JS QS KS AS, 3C 8S 8H 8C 8D] => TIE 
[TS JS QS KS AS, 3C 9S 9H 9C 9D] => TIE 
[TS JS QS KS AS, 2C 2S AS AC AH] => TIE 
[TS JS QS KS AS, 7S 7C 7H AC AS] => TIE 
[TS JS QS KS AS, 3H 3C 3S JS JC] => TIE 
[TS JS QS KS AS, 4S 9S JS KS AS] => TIE 
[TS JS QS KS AS, 2H 3H 4H 6H 9H] => TIE 
[TS JS QS KS AS, TH JC QC KC AC] => TIE 
[TS JS QS KS AS, 2C 3C 4C 5C AC] => TIE 
[TS JS QS KS AS, 3S JC QS QC QH] => TIE 
[TS JS QS KS AS, 3H 3C 3S JS QC] => TIE 
[TS JS QS KS AS, 2C 2S QH AS AC] => TIE 
[TS JS QS KS AS, 7S 7C QH AC AS] => TIE 
[TS JS QS KS AS, 3C 3S JS JC QH] => TIE 
[TS JS QS KS AS, 3C 3S 4H JS JC] => TIE 
[TS JS QS KS AS, 2H 6D 7C JC JS] => TIE 
[TS JS QS KS AS, 3H 4D JC JS KH] => TIE 
[TS JS QS KS AS, 2H 4D JC JS KH] => TIE 
[TS JS QS KS AS, 2C 3C 4C 5S AC] => TIE 
[TS JS QS KS AS, 2C 3C 4C 5S 9C] => TIE 
[3H 4H 5H 6H 7H, TS JS QS KS AS] => TIE 
[3H 4H 5H 6H 7H, 3H 4H 5H 6H 7H] => TIE 
[3H 4H 5H 6H 7H, 3C 8S 8H 8C 8D] => TIE 
[3H 4H 5H 6H 7H, 3C 9S 9H 9C 9D] => TIE 
[3H 4H 5H 6H 7H, 2C 2S AS AC AH] => TIE 
[3H 4H 5H 6H 7H, 7S 7C 7H AC AS] => TIE 
[3H 4H 5H 6H 7H, 3H 3C 3S JS JC] => TIE 
[3H 4H 5H 6H 7H, 4S 9S JS KS AS] => TIE 
[3H 4H 5H 6H 7H, 2H 3H 4H 6H 9H] => TIE 
[3H 4H 5H 6H 7H, TH JC QC KC AC] => TIE 
[3H 4H 5H 6H 7H, 2C 3C 4C 5C AC] => TIE 
[3H 4H 5H 6H 7H, 3S JC QS QC QH] => TIE 
[3H 4H 5H 6H 7H, 3H 3C 3S JS QC] => TIE 
[3H 4H 5H 6H 7H, 2C 2S QH AS AC] => TIE 
[3H 4H 5H 6H 7H, 7S 7C QH AC AS] => TIE 
[3H 4H 5H 6H 7H, 3C 3S JS JC QH] => TIE 
[3H 4H 5H 6H 7H, 3C 3S 4H JS JC] => TIE 
[3H 4H 5H 6H 7H, 2H 6D 7C JC JS] => TIE 
[3H 4H 5H 6H 7H, 3H 4D JC JS KH] => TIE 
[3H 4H 5H 6H 7H, 2H 4D JC JS KH] => TIE 
[3H 4H 5H 6H 7H, 2C 3C 4C 5S AC] => TIE 
[3H 4H 5H 6H 7H, 2C 3C 4C 5S 9C] => TIE 
[3C 8S 8H 8C 8D, TS JS QS KS AS] => TIE 
[3C 8S 8H 8C 8D, 3H 4H 5H 6H 7H] => TIE 
[3C 8S 8H 8C 8D, 3C 8S 8H 8C 8D] => TIE 
[3C 8S 8H 8C 8D, 3C 9S 9H 9C 9D] => TIE 
[3C 8S 8H 8C 8D, 2C 2S AS AC AH] => TIE 
[3C 8S 8H 8C 8D, 7S 7C 7H AC AS] => TIE 
[3C 8S 8H 8C 8D, 3H 3C 3S JS JC] => TIE 
[3C 8S 8H 8C 8D, 4S 9S JS KS AS] => TIE 
[3C 8S 8H 8C 8D, 2H 3H 4H 6H 9H] => TIE 
[3C 8S 8H 8C 8D, TH JC QC KC AC] => TIE 
[3C 8S 8H 8C 8D, 2C 3C 4C 5C AC] => TIE 
[3C 8S 8H 8C 8D, 3S JC QS QC QH] => TIE 
[3C 8S 8H 8C 8D, 3H 3C 3S JS QC] => TIE 
[3C 8S 8H 8C 8D, 2C 2S QH AS AC] => TIE 
[3C 8S 8H 8C 8D, 7S 7C QH AC AS] => TIE 
[3C 8S 8H 8C 8D, 3C 3S JS JC QH] => TIE 
[3C 8S 8H 8C 8D, 3C 3S 4H JS JC] => TIE 
[3C 8S 8H 8C 8D, 2H 6D 7C JC JS] => TIE 
[3C 8S 8H 8C 8D, 3H 4D JC JS KH] => TIE 
[3C 8S 8H 8C 8D, 2H 4D JC JS KH] => TIE 
[3C 8S 8H 8C 8D, 2C 3C 4C 5S AC] => TIE 
[3C 8S 8H 8C 8D, 2C 3C 4C 5S 9C] => TIE 
[3C 9S 9H 9C 9D, TS JS QS KS AS] => TIE 
[3C 9S 9H 9C 9D, 3H 4H 5H 6H 7H] => TIE 
[3C 9S 9H 9C 9D, 3C 8S 8H 8C 8D] => TIE 
[3C 9S 9H 9C 9D, 3C 9S 9H 9C 9D] => TIE 
[3C 9S 9H 9C 9D, 2C 2S AS AC AH] => TIE 
[3C 9S 9H 9C 9D, 7S 7C 7H AC AS] => TIE 
[3C 9S 9H 9C 9D, 3H 3C 3S JS JC] => TIE 
[3C 9S 9H 9C 9D, 4S 9S JS KS AS] => TIE 
[3C 9S 9H 9C 9D, 2H 3H 4H 6H 9H] => TIE 
[3C 9S 9H 9C 9D, TH JC QC KC AC] => TIE 
[3C 9S 9H 9C 9D, 2C 3C 4C 5C AC] => TIE 
[3C 9S 9H 9C 9D, 3S JC QS QC QH] => TIE 
[3C 9S 9H 9C 9D, 3H 3C 3S JS QC] => TIE 
[3C 9S 9H 9C 9D, 2C 2S QH AS AC] => TIE 
[3C 9S 9H 9C 9D, 7S 7C QH AC AS] => TIE 
[3C 9S 9H 9C 9D, 3C 3S JS JC QH] => TIE 
[3C 9S 9H 9C 9D, 3C 3S 4H JS JC] => TIE 
[3C 9S 9H 9C 9D, 2H 6D 7C JC JS] => TIE 
[3C 9S 9H 9C 9D, 3H 4D JC JS KH] => TIE 
[3C 9S 9H 9C 9D, 2H 4D JC JS KH] => TIE 
[3C 9S 9H 9C 9D, 2C 3C 4C 5S AC] => TIE 
[3C 9S 9H 9C 9D, 2C 3C 4C 5S 9C] => TIE 
[2C 2S AS AC AH, TS JS QS KS AS] => TIE 
[2C 2S AS AC AH, 3H 4H 5H 6H 7H] => TIE 
[2C 2S AS AC AH, 3C 8S 8H 8C 8D] => TIE 
[2C 2S AS AC AH, 3C 9S 9H 9C 9D] => TIE 
[2C 2S AS AC AH, 2C 2S AS AC AH] => TIE 
[2C 2S AS AC AH, 7S 7C 7H AC AS] => TIE 
[2C 2S AS AC AH, 3H 3C 3S JS JC] => TIE 
[2C 2S AS AC AH, 4S 9S JS KS AS] => TIE 
[2C 2S AS AC AH, 2H 3H 4H 6H 9H] => TIE 
[2C 2S AS AC AH, TH JC QC KC AC] => TIE 
[2C 2S AS AC AH, 2C 3C 4C 5C AC] => TIE 
[2C 2S AS AC AH, 3S JC QS QC QH] => TIE 
[2C 2S AS AC AH, 3H 3C 3S JS QC] => TIE 
[2C 2S AS AC AH, 2C 2S QH AS AC] => TIE 
[2C 2S AS AC AH, 7S 7C QH AC AS] => TIE 
[2C 2S AS AC AH, 3C 3S JS JC QH] => TIE 
[2C 2S AS AC AH, 3C 3S 4H JS JC] => TIE 
[2C 2S AS AC AH, 2H 6D 7C JC JS] => TIE 
[2C 2S AS AC AH, 3H 4D JC JS KH] => TIE 
[2C 2S AS AC AH, 2H 4D JC JS KH] => TIE 
[2C 2S AS AC AH, 2C 3C 4C 5S AC] => TIE 
[2C 2S AS AC AH, 2C 3C 4C 5S 9C] => TIE 
[7S 7C 7H AC AS, TS JS QS KS AS] => TIE 
[7S 7C 7H AC AS, 3H 4H 5H 6H 7H] => TIE 
[7S 7C 7H AC AS, 3C 8S 8H 8C 8D] => TIE 
[7S 7C 7H AC AS, 3C 9S 9H 9C 9D] => TIE 
[7S 7C 7H AC AS, 2C 2S AS AC AH] => TIE 
[7S 7C 7H AC AS, 7S 7C 7H AC AS] => TIE 
[7S 7C 7H AC AS, 3H 3C 3S JS JC] => TIE 
[7S 7C 7H AC AS, 4S 9S JS KS AS] => TIE 
[7S 7C 7H AC AS, 2H 3H 4H 6H 9H] => TIE 
[7S 7C 7H AC AS, TH JC QC KC AC] => TIE 
[7S 7C 7H AC AS, 2C 3C 4C 5C AC] => TIE 
[7S 7C 7H AC AS, 3S JC QS QC QH] => TIE 
[7S 7C 7H AC AS, 3H 3C 3S JS QC] => TIE 
[7S 7C 7H AC AS, 2C 2S QH AS AC] => TIE 
[7S 7C 7H AC AS, 7S 7C QH AC AS] => TIE 
[7S 7C 7H AC AS, 3C 3S JS JC QH] => TIE 
[7S 7C 7H AC AS, 3C 3S 4H JS JC] => TIE 
[7S 7C 7H AC AS, 2H 6D 7C JC JS] => TIE 
[7S 7C 7H AC AS, 3H 4D JC JS KH] => TIE 
[7S 7C 7H AC AS, 2H 4D JC JS KH] => TIE 
[7S 7C 7H AC AS, 2C 3C 4C 5S AC] => TIE 
[7S 7C 7H AC AS, 2C 3C 4C 5S 9C] => TIE 
[3H 3C 3S JS JC, TS JS QS KS AS] => TIE 
[3H 3C 3S JS JC, 3H 4H 5H 6H 7H] => TIE 
[3H 3C 3S JS JC, 3C 8S 8H 8C 8D] => TIE 
[3H 3C 3S JS JC, 3C 9S 9H 9C 9D] => TIE 
[3H 3C 3S JS JC, 2C 2S AS AC AH] => TIE 
[3H 3C 3S JS JC, 7S 7C 7H AC AS] => TIE 
[3H 3C 3S JS JC, 3H 3C 3S JS JC] => TIE 
[3H 3C 3S JS JC, 4S 9S JS KS AS] => TIE 
[3H 3C 3S JS JC, 2H 3H 4H 6H 9H] => TIE 
[3H 3C 3S JS JC, TH JC QC KC AC] => TIE 
[3H 3C 3S JS JC, 2C 3C 4C 5C AC] => TIE 
[3H 3C 3S JS JC, 3S JC QS QC QH] => TIE 
[3H 3C 3S JS JC, 3H 3C 3S JS QC] => TIE 
[3H 3C 3S JS JC, 2C 2S QH AS AC] => TIE 
[3H 3C 3S JS JC, 7S 7C QH AC AS] => TIE 
[3H 3C 3S JS JC, 3C 3S JS JC QH] => TIE 
[3H 3C 3S JS JC, 3C 3S 4H JS JC] => TIE 
[3H 3C 3S JS JC, 2H 6D 7C JC JS] => TIE 
[3H 3C 3S JS JC, 3H 4D JC JS KH] => TIE 
[3H 3C 3S JS JC, 2H 4D JC JS KH] => TIE 
[3H 3C 3S JS JC, 2C 3C 4C 5S AC] => TIE 
[3H 3C 3S JS JC, 2C 3C 4C 5S 9C] => TIE 
[4S 9S JS KS AS, TS JS QS KS AS] => TIE 
[4S 9S JS KS AS, 3H 4H 5H 6H 7H] => TIE 
[4S 9S JS KS AS, 3C 8S 8H 8C 8D] => TIE 
[4S 9S JS KS AS, 3C 9S 9H 9C 9D] => TIE 
[4S 9S JS KS AS, 2C 2S AS AC AH] => TIE 
[4S 9S JS KS AS, 7S 7C 7H AC AS] => TIE 
[4S 9S JS KS AS, 3H 3C 3S JS JC] => TIE 
[4S 9S JS KS AS, 4S 9S JS KS AS] => TIE 
[4S 9S JS KS AS, 2H 3H 4H 6H 9H] => TIE 
[4S 9S JS KS AS, TH JC QC KC AC] => TIE 
[4S 9S JS KS AS, 2C 3C 4C 5C AC] => TIE 
[4S 9S JS KS AS, 3S JC QS QC QH] => TIE 
[4S 9S JS KS AS, 3H 3C 3S JS QC] => TIE 
[4S 9S JS KS AS, 2C 2S QH AS AC] => TIE 
[4S 9S JS KS AS, 7S 7C QH AC AS] => TIE 
[4S 9S JS KS AS, 3C 3S JS JC QH] => TIE 
[4S 9S JS KS AS, 3C 3S 4H JS JC] => TIE 
[4S 9S JS KS AS, 2H 6D 7C JC JS] => TIE 
[4S 9S JS KS AS, 3H 4D JC JS KH] => TIE 
[4S 9S JS KS AS, 2H 4D JC JS KH] => TIE 
[4S 9S JS KS AS, 2C 3C 4C 5S AC] => TIE 
[4S 9S JS KS AS, 2C 3C 4C 5S 9C] => TIE 
[2H 3H 4H 6H 9H, TS JS QS KS AS] => TIE 
[2H 3H 4H 6H 9H, 3H 4H 5H 6H 7H] => TIE 
[2H 3H 4H 6H 9H, 3C 8S 8H 8C 8D] => TIE 
[2H 3H 4H 6H 9H, 3C 9S 9H 9C 9D] => TIE 
[2H 3H 4H 6H 9H, 2C 2S AS AC AH] => TIE 
[2H 3H 4H 6H 9H, 7S 7C 7H AC AS] => TIE 
[2H 3H 4H 6H 9H, 3H 3C 3S JS JC] => TIE 
[2H 3H 4H 6H 9H, 4S 9S JS KS AS] => TIE 
[2H 3H 4H 6H 9H, 2H 3H 4H 6H 9H] => TIE 
[2H 3H 4H 6H 9H, TH JC QC KC AC] => TIE 
[2H 3H 4H 6H 9H, 2C 3C 4C 5C AC] => TIE 
[2H 3H 4H 6H 9H, 3S JC QS QC QH] => TIE 
[2H 3H 4H 6H 9H, 3H 3C 3S JS QC] => TIE 
[2H 3H 4H 6H 9H, 2C 2S QH AS AC] => TIE 
[2H 3H 4H 6H 9H, 7S 7C QH AC AS] => TIE 
[2H 3H 4H 6H 9H, 3C 3S JS JC QH] => TIE 
[2H 3H 4H 6H 9H, 3C 3S 4H JS JC] => TIE 
[2H 3H 4H 6H 9H, 2H 6D 7C JC JS] => TIE 
[2H 3H 4H 6H 9H, 3H 4D JC JS KH] => TIE 
[2H 3H 4H 6H 9H, 2H 4D JC JS KH] => TIE 
[2H 3H 4H 6H 9H, 2C 3C 4C 5S AC] => TIE 
[2H 3H 4H 6H 9H, 2C 3C 4C 5S 9C] => TIE 
[TH JC QC KC AC, TS JS QS KS AS] => TIE 
[TH JC QC KC AC, 3H 4H 5H 6H 7H] => TIE 
[TH JC QC KC AC, 3C 8S 8H 8C 8D] => TIE 
[TH JC QC KC AC, 3C 9S 9H 9C 9D] => TIE 
[TH JC QC KC AC, 2C 2S AS AC AH] => TIE 
[TH JC QC KC AC, 7S 7C 7H AC AS] => TIE 
[TH JC QC KC AC, 3H 3C 3S JS JC] => TIE 
[TH JC QC KC AC, 4S 9S JS KS AS] => TIE 
[TH JC QC KC AC, 2H 3H 4H 6H 9H] => TIE 
[TH JC QC KC AC, TH JC QC KC AC] => TIE 
[TH JC QC KC AC, 2C 3C 4C 5C AC] => TIE 
[TH JC QC KC AC, 3S JC QS QC QH] => TIE 
[TH JC QC KC AC, 3H 3C 3S JS QC] => TIE 
[TH JC QC KC AC, 2C 2S QH AS AC] => TIE 
[TH JC QC KC AC, 7S 7C QH AC AS] => TIE 
[TH JC QC KC AC, 3C 3S JS JC QH] => TIE 
[TH JC QC KC AC, 3C 3S 4H JS JC] => TIE 
[TH JC QC KC AC, 2H 6D 7C JC JS] => TIE 
[TH JC QC KC AC, 3H 4D JC JS KH] => TIE 
[TH JC QC KC AC, 2H 4D JC JS KH] => TIE 
[TH JC QC KC AC, 2C 3C 4C 5S AC] => TIE 
[TH JC QC KC AC, 2C 3C 4C 5S 9C] => TIE 
[2C 3C 4C 5C AC, TS JS QS KS AS] => TIE 
[2C 3C 4C 5C AC, 3H 4H 5H 6H 7H] => TIE 
[2C 3C 4C 5C AC, 3C 8S 8H 8C 8D] => TIE 
[2C 3C 4C 5C AC, 3C 9S 9H 9C 9D] => TIE 
[2C 3C 4C 5C AC, 2C 2S AS AC AH] => TIE 
[2C 3C 4C 5C AC, 7S 7C 7H AC AS] => TIE 
[2C 3C 4C 5C AC, 3H 3C 3S JS JC] => TIE 
[2C 3C 4C 5C AC, 4S 9S JS KS AS] => TIE 
[2C 3C 4C 5C AC, 2H 3H 4H 6H 9H] => TIE 
[2C 3C 4C 5C AC, TH JC QC KC AC] => TIE 
[2C 3C 4C 5C AC, 2C 3C 4C 5C AC] => TIE 
[2C 3C 4C 5C AC, 3S JC QS QC QH] => TIE 
[2C 3C 4C 5C AC, 3H 3C 3S JS QC] => TIE 
[2C 3C 4C 5C AC, 2C 2S QH AS AC] => TIE 
[2C 3C 4C 5C AC, 7S 7C QH AC AS] => TIE 
[2C 3C 4C 5C AC, 3C 3S JS JC QH] => TIE 
[2C 3C 4C 5C AC, 3C 3S 4H JS JC] => TIE 
[2C 3C 4C 5C AC, 2H 6D 7C JC JS] => TIE 
[2C 3C 4C 5C AC, 3H 4D JC JS KH] => TIE 
[2C 3C 4C 5C AC, 2H 4D JC JS KH] => TIE 
[2C 3C 4C 5C AC, 2C 3C 4C 5S AC] => TIE 
[2C 3C 4C 5C AC, 2C 3C 4C 5S 9C] => TIE 
[3S JC QS QC QH, TS JS QS KS AS] => TIE 
[3S JC QS QC QH, 3H 4H 5H 6H 7H] => TIE 
[3S JC QS QC QH, 3C 8S 8H 8C 8D] => TIE 
[3S JC QS QC QH, 3C 9S 9H 9C 9D] => TIE 
[3S JC QS QC QH, 2C 2S AS AC AH] => TIE 
[3S JC QS QC QH, 7S 7C 7H AC AS] => TIE 
[3S JC QS QC QH, 3H 3C 3S JS JC] => TIE 
[3S JC QS QC QH, 4S 9S JS KS AS] => TIE 
[3S JC QS QC QH, 2H 3H 4H 6H 9H] => TIE 
[3S JC QS QC QH, TH JC QC KC AC] => TIE 
[3S JC QS QC QH, 2C 3C 4C 5C AC] => TIE 
[3S JC QS QC QH, 3S JC QS QC QH] => TIE 
[3S JC QS QC QH, 3H 3C 3S JS QC] => TIE 
[3S JC QS QC QH, 2C 2S QH AS AC] => TIE 
[3S JC QS QC QH, 7S 7C QH AC AS] => TIE 
[3S JC QS QC QH, 3C 3S JS JC QH] => TIE 
[3S JC QS QC QH, 3C 3S 4H JS JC] => TIE 
[3S JC QS QC QH, 2H 6D 7C JC JS] => TIE 
[3S JC QS QC QH, 3H 4D JC JS KH] => TIE 
[3S JC QS QC QH, 2H 4D JC JS KH] => TIE 
[3S JC QS QC QH, 2C 3C 4C 5S AC] => TIE 
[3S JC QS QC QH, 2C 3C 4C 5S 9C] => TIE 
[3H 3C 3S JS QC, TS JS QS KS AS] => TIE 
[3H 3C 3S JS QC, 3H 4H 5H 6H 7H] => TIE 
[3H 3C 3S JS QC, 3C 8S 8H 8C 8D] => TIE 
[3H 3C 3S JS QC, 3C 9S 9H 9C 9D] => TIE 
[3H 3C 3S JS QC, 2C 2S AS AC AH] => TIE 
[3H 3C 3S JS QC, 7S 7C 7H AC AS] => TIE 
[3H 3C 3S JS QC, 3H 3C 3S JS JC] => TIE 
[3H 3C 3S JS QC, 4S 9S JS KS AS] => TIE 
[3H 3C 3S JS QC, 2H 3H 4H 6H 9H] => TIE 
[3H 3C 3S JS QC, TH JC QC KC AC] => TIE 
[3H 3C 3S JS QC, 2C 3C 4C 5C AC] => TIE 
[3H 3C 3S JS QC, 3S JC QS QC QH] => TIE 
[3H 3C 3S JS QC, 3H 3C 3S JS QC] => TIE 
[3H 3C 3S JS QC, 2C 2S QH AS AC] => TIE 
[3H 3C 3S JS QC, 7S 7C QH AC AS] => TIE 
[3H 3C 3S JS QC, 3C 3S JS JC QH] => TIE 
[3H 3C 3S JS QC, 3C 3S 4H JS JC] => TIE 
[3H 3C 3S JS QC, 2H 6D 7C JC JS] => TIE 
[3H 3C 3S JS QC, 3H 4D JC JS KH] => TIE 
[3H 3C 3S JS QC, 2H 4D JC JS KH] => TIE 
[3H 3C 3S JS QC, 2C 3C 4C 5S AC] => TIE 
[3H 3C 3S JS QC, 2C 3C 4C 5S 9C] => TIE 
[2C 2S QH AS AC, TS JS QS KS AS] => TIE 
[2C 2S QH AS AC, 3H 4H 5H 6H 7H] => TIE 
[2C 2S QH AS AC, 3C 8S 8H 8C 8D] => TIE 
[2C 2S QH AS AC, 3C 9S 9H 9C 9D] => TIE 
[2C 2S QH AS AC, 2C 2S AS AC AH] => TIE 
[2C 2S QH AS AC, 7S 7C 7H AC AS] => TIE 
[2C 2S QH AS AC, 3H 3C 3S JS JC] => TIE 
[2C 2S QH AS AC, 4S 9S JS KS AS] => TIE 
[2C 2S QH AS AC, 2H 3H 4H 6H 9H] => TIE 
[2C 2S QH AS AC, TH JC QC KC AC] => TIE 
[2C 2S QH AS AC, 2C 3C 4C 5C AC] => TIE 
[2C 2S QH AS AC, 3S JC QS QC QH] => TIE 
[2C 2S QH AS AC, 3H 3C 3S JS QC] => TIE 
[2C 2S QH AS AC, 2C 2S QH AS AC] => TIE 
[2C 2S QH AS AC, 7S 7C QH AC AS] => TIE 
[2C 2S QH AS AC, 3C 3S JS JC QH] => TIE 
[2C 2S QH AS AC, 3C 3S 4H JS JC] => TIE 
[2C 2S QH AS AC, 2H 6D 7C JC JS] => TIE 
[2C 2S QH AS AC, 3H 4D JC JS KH] => TIE 
[2C 2S QH AS AC, 2H 4D JC JS KH] => TIE 
[2C 2S QH AS AC, 2C 3C 4C 5S AC] => TIE 
[2C 2S QH AS AC, 2C 3C 4C 5S 9C] => TIE 
[7S 7C QH AC AS, TS JS QS KS AS] => TIE 
[7S 7C QH AC AS, 3H 4H 5H 6H 7H] => TIE 
[7S 7C QH AC AS, 3C 8S 8H 8C 8D] => TIE 
[7S 7C QH AC AS, 3C 9S 9H 9C 9D] => TIE 
[7S 7C QH AC AS, 2C 2S AS AC AH] => TIE 
[7S 7C QH AC AS, 7S 7C 7H AC AS] => TIE 
[7S 7C QH AC AS, 3H 3C 3S JS JC] => TIE 
[7S 7C QH AC AS, 4S 9S JS KS AS] => TIE 
[7S 7C QH AC AS, 2H 3H 4H 6H 9H] => TIE 
[7S 7C QH AC AS, TH JC QC KC AC] => TIE 
[7S 7C QH AC AS, 2C 3C 4C 5C AC] => TIE 
[7S 7C QH AC AS, 3S JC QS QC QH] => TIE 
[7S 7C QH AC AS, 3H 3C 3S JS QC] => TIE 
[7S 7C QH AC AS, 2C 2S QH AS AC] => TIE 
[7S 7C QH AC AS, 7S 7C QH AC AS] => TIE 
[7S 7C QH AC AS, 3C 3S JS JC QH] => TIE 
[7S 7C QH AC AS, 3C 3S 4H JS JC] => TIE 
[7S 7C QH AC AS, 2H 6D 7C JC JS] => TIE 
[7S 7C QH AC AS, 3H 4D JC JS KH] => TIE 
[7S 7C QH AC AS, 2H 4D JC JS KH] => TIE 
[7S 7C QH AC AS, 2C 3C 4C 5S AC] => TIE 
[7S 7C QH AC AS, 2C 3C 4C 5S 9C] => TIE 
[3C 3S JS JC QH, TS JS QS KS AS] => TIE 
[3C 3S JS JC QH, 3H 4H 5H 6H 7H] => TIE 
[3C 3S JS JC QH, 3C 8S 8H 8C 8D] => TIE 
[3C 3S JS JC QH, 3C 9S 9H 9C 9D] => TIE 
[3C 3S JS JC QH, 2C 2S AS AC AH] => TIE 
[3C 3S JS JC QH, 7S 7C 7H AC AS] => TIE 
[3C 3S JS JC QH, 3H 3C 3S JS JC] => TIE 
[3C 3S JS JC QH, 4S 9S JS KS AS] => TIE 
[3C 3S JS JC QH, 2H 3H 4H 6H 9H] => TIE 
[3C 3S JS JC QH, TH JC QC KC AC] => TIE 
[3C 3S JS JC QH, 2C 3C 4C 5C AC] => TIE 
[3C 3S JS JC QH, 3S JC QS QC QH] => TIE 
[3C 3S JS JC QH, 3H 3C 3S JS QC] => TIE 
[3C 3S JS JC QH, 2C 2S QH AS AC] => TIE 
[3C 3S JS JC QH, 7S 7C QH AC AS] => TIE 
[3C 3S JS JC QH, 3C 3S JS JC QH] => TIE 
[3C 3S JS JC QH, 3C 3S 4H JS JC] => TIE 
[3C 3S JS JC QH, 2H 6D 7C JC JS] => TIE 
[3C 3S JS JC QH, 3H 4D JC JS KH] => TIE 
[3C 3S JS JC QH, 2H 4D JC JS KH] => TIE 
[3C 3S JS JC QH, 2C 3C 4C 5S AC] => TIE 
[3C 3S JS JC QH, 2C 3C 4C 5S 9C] => TIE 
[3C 3S 4H JS JC, TS JS QS KS AS] => TIE 
[3C 3S 4H JS JC, 3H 4H 5H 6H 7H] => TIE 
[3C 3S 4H JS JC, 3C 8S 8H 8C 8D] => TIE 
[3C 3S 4H JS JC, 3C 9S 9H 9C 9D] => TIE 
[3C 3S 4H JS JC, 2C 2S AS AC AH] => TIE 
[3C 3S 4H JS JC, 7S 7C 7H AC AS] => TIE 
[3C 3S 4H JS JC, 3H 3C 3S JS JC] => TIE 
[3C 3S 4H JS JC, 4S 9S JS KS AS] => TIE 
[3C 3S 4H JS JC, 2H 3H 4H 6H 9H] => TIE 
[3C 3S 4H JS JC, TH JC QC KC AC] => TIE 
[3C 3S 4H JS JC, 2C 3C 4C 5C AC] => TIE 
[3C 3S 4H JS JC, 3S JC QS QC QH] => TIE 
[3C 3S 4H JS JC, 3H 3C 3S JS QC] => TIE 
[3C 3S 4H JS JC, 2C 2S QH AS AC] => TIE 
[3C 3S 4H JS JC, 7S 7C QH AC AS] => TIE 
[3C 3S 4H JS JC, 3C 3S JS JC QH] => TIE 
[3C 3S 4H JS JC, 3C 3S 4H JS JC] => TIE 
[3C 3S 4H JS JC, 2H 6D 7C JC JS] => TIE 
[3C 3S 4H JS JC, 3H 4D JC JS KH] => TIE 
[3C 3S 4H JS JC, 2H 4D JC JS KH] => TIE 
[3C 3S 4H JS JC, 2C 3C 4C 5S AC] => TIE 
[3C 3S 4H JS JC, 2C 3C 4C 5S 9C] => TIE 
[2H 6D 7C JC JS, TS JS QS KS AS] => TIE 
[2H 6D 7C JC JS, 3H 4H 5H 6H 7H] => TIE 
[2H 6D 7C JC JS, 3C 8S 8H 8C 8D] => TIE 
[2H 6D 7C JC JS, 3C 9S 9H 9C 9D] => TIE 
[2H 6D 7C JC JS, 2C 2S AS AC AH] => TIE 
[2H 6D 7C JC JS, 7S 7C 7H AC AS] => TIE 
[2H 6D 7C JC JS, 3H 3C 3S JS JC] => TIE 
[2H 6D 7C JC JS, 4S 9S JS KS AS] => TIE 
[2H 6D 7C JC JS, 2H 3H 4H 6H 9H] => TIE 
[2H 6D 7C JC JS, TH JC QC KC AC] => TIE 
[2H 6D 7C JC JS, 2C 3C 4C 5C AC] => TIE 
[2H 6D 7C JC JS, 3S JC QS QC QH] => TIE 
[2H 6D 7C JC JS, 3H 3C 3S JS QC] => TIE 
[2H 6D 7C JC JS, 2C 2S QH AS AC] => TIE 
[2H 6D 7C JC JS, 7S 7C QH AC AS] => TIE 
[2H 6D 7C JC JS, 3C 3S JS JC QH] => TIE 
[2H 6D 7C JC JS, 3C 3S 4H JS JC] => TIE 
[2H 6D 7C JC JS, 2H 6D 7C JC JS] => TIE 
[2H 6D 7C JC JS, 3H 4D JC JS KH] => TIE 
[2H 6D 7C JC JS, 2H 4D JC JS KH] => TIE 
[2H 6D 7C JC JS, 2C 3C 4C 5S AC] => TIE 
[2H 6D 7C JC JS, 2C 3C 4C 5S 9C] => TIE 
[3H 4D JC JS KH, TS JS QS KS AS] => TIE 
[3H 4D JC JS KH, 3H 4H 5H 6H 7H] => TIE 
[3H 4D JC JS KH, 3C 8S 8H 8C 8D] => TIE 
[3H 4D JC JS KH, 3C 9S 9H 9C 9D] => TIE 
[3H 4D JC JS KH, 2C 2S AS AC AH] => TIE 
[3H 4D JC JS KH, 7S 7C 7H AC AS] => TIE 
[3H 4D JC JS KH, 3H 3C 3S JS JC] => TIE 
[3H 4D JC JS KH, 4S 9S JS KS AS] => TIE 
[3H 4D JC JS KH, 2H 3H 4H 6H 9H] => TIE 
[3H 4D JC JS KH, TH JC QC KC AC] => TIE 
[3H 4D JC JS KH, 2C 3C 4C 5C AC] => TIE 
[3H 4D JC JS KH, 3S JC QS QC QH] => TIE 
[3H 4D JC JS KH, 3H 3C 3S JS QC] => TIE 
[3H 4D JC JS KH, 2C 2S QH AS AC] => TIE 
[3H 4D JC JS KH, 7S 7C QH AC AS] => TIE 
[3H 4D JC JS KH, 3C 3S JS JC QH] => TIE 
[3H 4D JC JS KH, 3C 3S 4H JS JC] => TIE 
[3H 4D JC JS KH, 2H 6D 7C JC JS] => TIE 
[3H 4D JC JS KH, 3H 4D JC JS KH] => TIE 
[3H 4D JC JS KH, 2H 4D JC JS KH] => TIE 
[3H 4D JC JS KH, 2C 3C 4C 5S AC] => TIE 
[3H 4D JC JS KH, 2C 3C 4C 5S 9C] => TIE 
[2H 4D JC JS KH, TS JS QS KS AS] => TIE 
[2H 4D JC JS KH, 3H 4H 5H 6H 7H] => TIE 
[2H 4D JC JS KH, 3C 8S 8H 8C 8D] => TIE 
[2H 4D JC JS KH, 3C 9S 9H 9C 9D] => TIE 
[2H 4D JC JS KH, 2C 2S AS AC AH] => TIE 
[2H 4D JC JS KH, 7S 7C 7H AC AS] => TIE 
[2H 4D JC JS KH, 3H 3C 3S JS JC] => TIE 
[2H 4D JC JS KH, 4S 9S JS KS AS] => TIE 
[2H 4D JC JS KH, 2H 3H 4H 6H 9H] => TIE 
[2H 4D JC JS KH, TH JC QC KC AC] => TIE 
[2H 4D JC JS KH, 2C 3C 4C 5C AC] => TIE 
[2H 4D JC JS KH, 3S JC QS QC QH] => TIE 
[2H 4D JC JS KH, 3H 3C 3S JS QC] => TIE 
[2H 4D JC JS KH, 2C 2S QH AS AC] => TIE 
[2H 4D JC JS KH, 7S 7C QH AC AS] => TIE 
[2H 4D JC JS KH, 3C 3S JS JC QH] => TIE 
[2H 4D JC JS KH, 3C 3S 4H JS JC] => TIE 
[2H 4D JC JS KH, 2H 6D 7C JC JS] => TIE 
[2H 4D JC JS KH, 3H 4D JC JS KH] => TIE 
[2H 4D JC JS KH, 2H 4D JC JS KH] => TIE 
[2H 4D JC JS KH, 2C 3C 4C 5S AC] => TIE 
[2H 4D JC JS KH, 2C 3C 4C 5S 9C] => TIE 
[2C 3C 4C 5S AC, TS JS QS KS AS] => TIE 
[2C 3C 4C 5S AC, 3H 4H 5H 6H 7H] => TIE 
[2C 3C 4C 5S AC, 3C 8S 8H 8C 8D] => TIE 
[2C 3C 4C 5S AC, 3C 9S 9H 9C 9D] => TIE 
[2C 3C 4C 5S AC, 2C 2S AS AC AH] => TIE 
[2C 3C 4C 5S AC, 7S 7C 7H AC AS] => TIE 
[2C 3C 4C 5S AC, 3H 3C 3S JS JC] => TIE 
[2C 3C 4C 5S AC, 4S 9S JS KS AS] => TIE 
[2C 3C 4C 5S AC, 2H 3H 4H 6H 9H] => TIE 
[2C 3C 4C 5S AC, TH JC QC KC AC] => TIE 
[2C 3C 4C 5S AC, 2C 3C 4C 5C AC] => TIE 
[2C 3C 4C 5S AC, 3S JC QS QC QH] => TIE 
[2C 3C 4C 5S AC, 3H 3C 3S JS QC] => TIE 
[2C 3C 4C 5S AC, 2C 2S QH AS AC] => TIE 
[2C 3C 4C 5S AC, 7S 7C QH AC AS] => TIE 
[2C 3C 4C 5S AC, 3C 3S JS JC QH] => TIE 
[2C 3C 4C 5S AC, 3C 3S 4H JS JC] => TIE 
[2C 3C 4C 5S AC, 2H 6D 7C JC JS] => TIE 
[2C 3C 4C 5S AC, 3H 4D JC JS KH] => TIE 
[2C 3C 4C 5S AC, 2H 4D JC JS KH] => TIE 
[2C 3C 4C 5S AC, 2C 3C 4C 5S AC] => TIE 
[2C 3C 4C 5S AC, 2C 3C 4C 5S 9C] => TIE 
[2C 3C 4C 5S 9C, TS JS QS KS AS] => TIE 
[2C 3C 4C 5S 9C, 3H 4H 5H 6H 7H] => TIE 
[2C 3C 4C 5S 9C, 3C 8S 8H 8C 8D] => TIE 
[2C 3C 4C 5S 9C, 3C 9S 9H 9C 9D] => TIE 
[2C 3C 4C 5S 9C, 2C 2S AS AC AH] => TIE 
[2C 3C 4C 5S 9C, 7S 7C 7H AC AS] => TIE 
[2C 3C 4C 5S 9C, 3H 3C 3S JS JC] => TIE 
[2C 3C 4C 5S 9C, 4S 9S JS KS AS] => TIE 
[2C 3C 4C 5S 9C, 2H 3H 4H 6H 9H] => TIE 
[2C 3C 4C 5S 9C, TH JC QC KC AC] => TIE 
[2C 3C 4C 5S 9C, 2C 3C 4C 5C AC] => TIE 
[2C 3C 4C 5S 9C, 3S JC QS QC QH] => TIE 
[2C 3C 4C 5S 9C, 3H 3C 3S JS QC] => TIE 
[2C 3C 4C 5S 9C, 2C 2S QH AS AC] => TIE 
[2C 3C 4C 5S 9C, 7S 7C QH AC AS] => TIE 
[2C 3C 4C 5S 9C, 3C 3S JS JC QH] => TIE 
[2C 3C 4C 5S 9C, 3C 3S 4H JS JC] => TIE 
[2C 3C 4C 5S 9C, 2H 6D 7C JC JS] => TIE 
[2C 3C 4C 5S 9C, 3H 4D JC JS KH] => TIE 
[2C 3C 4C 5S 9C, 2H 4D JC JS KH] => TIE 
[2C 3C 4C 5S 9C, 2C 3C 4C 5S AC] => TIE 
[2C 3C 4C 5S 9C, 2C 3C 4C 5S 9C] => TIE 
